src/app/dashboard/page.tsx(175,38): error TS1382: Unexpected token. Did you mean `{'>'}` or `&gt;`?
